main.c:95:6:led_on	8	static
main.c:102:6:led_off	8	static
main.c:112:6:light_sensor	8	static
main.c:130:6:buzzer_on	8	static
main.c:137:6:buzzer_off	8	static
main.c:146:6:gas_sensor	8	static
main.c:168:6:fan_device	8	static
main.c:187:5:main	8	static
main.c:241:6:SystemClock_Config	128	static
main.c:286:13:MX_TIM16_Init	8	static
main.c:318:13:MX_TIM17_Init	8	static
main.c:350:13:MX_USART2_UART_Init	8	static
main.c:385:13:MX_GPIO_Init	40	static
main.c:425:6:HAL_UART_RxCpltCallback	24	static
main.c:478:6:HAL_TIM_PeriodElapsedCallback	16	static
main.c:499:6:Error_Handler	4	static
